EN dns_regex NULL D:/_prj/dns-packet-filter/dns-regex/dns_regex.vhd sub00/vhpl00 1355191972
AR dns_regex behavioral D:/_prj/dns-packet-filter/dns-regex/dns_regex.vhd sub00/vhpl01 1355191973
EN counter NULL D:/_prj/dns-packet-filter/counter/counter.vhd sub00/vhpl02 1355191970
AR counter behv D:/_prj/dns-packet-filter/counter/counter.vhd sub00/vhpl03 1355191971
