V3 7
FL D:/_prj/dns-packet-filter/counter/counter.vhd 2012/12/13.22:48:47 O.61xd
EN work/counter 1355458582 FL D:/_prj/dns-packet-filter/counter/counter.vhd \
      PB ieee/std_logic_1164 1308643377 PB ieee/STD_LOGIC_UNSIGNED 1308643379
AR work/counter/behv 1355458583 \
      FL D:/_prj/dns-packet-filter/counter/counter.vhd EN work/counter 1355458582
FL D:/_prj/dns-packet-filter/dns-regex/dns_regex.vhd 2012/12/13.23:16:15 O.61xd
EN work/dns_regex 1355458584 FL D:/_prj/dns-packet-filter/dns-regex/dns_regex.vhd \
      PB ieee/std_logic_1164 1308643377 PB ieee/STD_LOGIC_UNSIGNED 1308643379
AR work/dns_regex/Behavioral 1355458585 \
      FL D:/_prj/dns-packet-filter/dns-regex/dns_regex.vhd EN work/dns_regex 1355458584 \
      AR work/counter/behv 1355458583
FL D:/_prj/dns-packet-filter/enh_counter/counter.vhd 2012/12/12.21:58:15 O.61xd
